[x] Init

[x] Players:
[r]   Initial: Failed: 80616001
[r]   Standby: Failed: 80616001
[r]   Deleted: Failed: 80616001
[r]   Playing: OK (status=4)
[r]   Twice: OK (status=4)
[x]   Copy: OK (status=4)
[r]   Finished: OK (status=200)

[x] Video sync better priority:
[r]   Last frame is 567567
[r]   * At last frame? (status=4)  pts=564564
[x]   After last frame 1: OK (status=4)
[x]   After last frame 2: OK (status=4)
[r]   * Read frame 1 (status=4)  pts=567567
[x]   After last frame 3: OK (status=4)
[x]   After last frame 4: OK (status=200)
[r]   * Read frame 2 (status=200)  pts=567567
[x]   After last frame 5: OK (status=200)
[x]   After last frame 6: OK (status=200)

[x] Video sync worse priority:
[r]   Last frame is 567567
[r]   * At last frame? (status=4)  pts=564564
[x]   After last frame 1: OK (status=4)
[x]   After last frame 2: OK (status=4)
[r]   * Read frame 1 (status=4)  pts=567567
[x]   After last frame 3: OK (status=4)
[x]   After last frame 4: OK (status=4)
[r]   * Read frame 2 (status=200)  pts=567567
[x]   After last frame 5: OK (status=200)
[x]   After last frame 6: OK (status=200)
