[x] Index shifts 8888:
[r]   Index shift 0 (FFFFFFFF): ffffff
[r]   Index shift 0 (12345678): 787878
[r]   Index shift 1 (FFFFFFFF): ffffff
[r]   Index shift 1 (12345678): 3c3c3c
[r]   Index shift 2 (FFFFFFFF): ffffff
[r]   Index shift 2 (12345678): 9e9e9e
[r]   Index shift 3 (FFFFFFFF): ffffff
[r]   Index shift 3 (12345678): cfcfcf
[r]   Index shift 4 (FFFFFFFF): ffffff
[r]   Index shift 4 (12345678): 676767
[r]   Index shift 5 (FFFFFFFF): ffffff
[r]   Index shift 5 (12345678): b3b3b3
[r]   Index shift 6 (FFFFFFFF): ffffff
[r]   Index shift 6 (12345678): 595959
[r]   Index shift 7 (FFFFFFFF): ffffff
[r]   Index shift 7 (12345678): acacac
[r]   Index shift 8 (FFFFFFFF): ffffff
[r]   Index shift 8 (12345678): 565656
[r]   Index shift 9 (FFFFFFFF): ffffff
[r]   Index shift 9 (12345678): 2b2b2b
[r]   Index shift 12 (FFFFFFFF): ffffff
[r]   Index shift 12 (12345678): 454545
[r]   Index shift 15 (FFFFFFFF): ffffff
[r]   Index shift 15 (12345678): 686868
[r]   Index shift 16 (FFFFFFFF): ffffff
[r]   Index shift 16 (12345678): 343434
[r]   Index shift 17 (FFFFFFFF): ffffff
[r]   Index shift 17 (12345678): 1a1a1a
[r]   Index shift 20 (FFFFFFFF): ffffff
[r]   Index shift 20 (12345678): 232323
[r]   Index shift 21 (FFFFFFFF): ffffff
[r]   Index shift 21 (12345678): 919191
[r]   Index shift 24 (FFFFFFFF): ffffff
[r]   Index shift 24 (12345678): 121212
[r]   Index shift 28 (FFFFFFFF): 0f0f0f
[r]   Index shift 28 (12345678): 010101
[r]   Index shift 30 (FFFFFFFF): 030303
[r]   Index shift 30 (12345678): 000000
[r]   Index shift 31 (FFFFFFFF): 010101
[r]   Index shift 31 (12345678): 000000
[r]   Index shift 32 (FFFFFFFF): ffffff
[r]   Index shift 32 (12345678): 787878
[r]   Index shift 33 (FFFFFFFF): ffffff
[r]   Index shift 33 (12345678): 3c3c3c


[x] Index shifts 4444:
[r]   Index shift 0 (FFFFFFFF): ff77ff
[r]   Index shift 0 (12345678): cc33cc
[r]   Index shift 1 (FFFFFFFF): ff77ff
[r]   Index shift 1 (12345678): ee11ee
[r]   Index shift 2 (FFFFFFFF): ff77ff
[r]   Index shift 2 (12345678): ff44ff
[r]   Index shift 3 (FFFFFFFF): ff77ff
[r]   Index shift 3 (12345678): 776677
[r]   Index shift 4 (FFFFFFFF): ff77ff
[r]   Index shift 4 (12345678): 333333
[r]   Index shift 5 (FFFFFFFF): ff77ff
[r]   Index shift 5 (12345678): 995599
[r]   Index shift 6 (FFFFFFFF): ff77ff
[r]   Index shift 6 (12345678): cc22cc
[r]   Index shift 7 (FFFFFFFF): ff77ff
[r]   Index shift 7 (12345678): 665566
[r]   Index shift 8 (FFFFFFFF): ff77ff
[r]   Index shift 8 (12345678): bb22bb
[r]   Index shift 9 (FFFFFFFF): ff77ff
[r]   Index shift 9 (12345678): 551155
[r]   Index shift 12 (FFFFFFFF): ff77ff
[r]   Index shift 12 (12345678): 222222
[r]   Index shift 15 (FFFFFFFF): ff77ff
[r]   Index shift 15 (12345678): 443344
[r]   Index shift 16 (FFFFFFFF): ff77ff
[r]   Index shift 16 (12345678): aa11aa
[r]   Index shift 17 (FFFFFFFF): ff77ff
[r]   Index shift 17 (12345678): dd00dd
[r]   Index shift 20 (FFFFFFFF): ff77ff
[r]   Index shift 20 (12345678): 111111
[r]   Index shift 21 (FFFFFFFF): ff77ff
[r]   Index shift 21 (12345678): 884488
[r]   Index shift 24 (FFFFFFFF): ff77ff
[r]   Index shift 24 (12345678): 990099
[r]   Index shift 28 (FFFFFFFF): 770077
[r]   Index shift 28 (12345678): 000000
[r]   Index shift 30 (FFFFFFFF): 110011
[r]   Index shift 30 (12345678): 000000
[r]   Index shift 31 (FFFFFFFF): 000000
[r]   Index shift 31 (12345678): 000000
[r]   Index shift 32 (FFFFFFFF): ff77ff
[r]   Index shift 32 (12345678): cc33cc
[r]   Index shift 33 (FFFFFFFF): ff77ff
[r]   Index shift 33 (12345678): ee11ee
